✔ valid synthetic geometry passes while retaining separate timing meanings (6.639583ms)
✔ rejects changed answer (3.640375ms)
✔ rejects second answer insertion (2.529208ms)
✔ rejects missing readiness time (2.611167ms)
✔ rejects nonfinite opacity time (3.812459ms)
✔ rejects reversed opacity and first ink (2.445666ms)
✔ rejects too few frames (2.416667ms)
✔ rejects wrong material (3.183958ms)
✔ rejects premature text (5.557333ms)
✔ rejects source deadline exposure (5.215833ms)
✔ rejects wrong source status (10.966042ms)
✔ rejects legacy renderer (5.593875ms)
✔ rejects policy DOM length mismatch (37.040292ms)
✔ rejects blurred readable ink (8.131125ms)
✔ rejects excessive text movement (41.553333ms)
✔ rejects visible text during fit (41.459625ms)
✔ rejects wrong handover duration (1.978833ms)
✔ rejects no actual opacity blend (2.910167ms)
✔ rejects no captured cells (3.311375ms)
✔ rejects zero-width transfer origin (5.485041ms)
✔ rejects stationary transfer overlay (20.961334ms)
✔ rejects running final decoration (13.972417ms)
✔ rejects old glyph movement after rest (4.778625ms)
✔ rejects no measured final word bounds (3.168416ms)
✔ rejects final word outside the frame (4.024875ms)
✔ rejects final frame does not fit page (7.721709ms)
✔ rejects readable final frame still clips (7.787333ms)
✔ rejects waiting row remount (3.028375ms)
✔ rejects row budget overflow (3.671709ms)
✔ rejects waiting frame collapse (2.944ms)
✔ rejects left edge movement (37.290042ms)
✔ rejects visible neighboring overlap (2.340958ms)
✔ rejects capsule loses solid material (2.474083ms)
✔ rejects glimmer drift (3.291375ms)
✔ rejects glimmer duration changes (8.3885ms)
✔ rejects missing joined introduction (44.008625ms)
✔ rejects activity clock frozen (45.278625ms)
✔ rejects source-driven geometry contract (26.707875ms)
✔ rejects source-dependent row count (3.014083ms)
✔ rejects waiting height grows (2.754917ms)
✔ rejects target change between episodes (5.819958ms)
✔ rejects simultaneous score targets (5.574916ms)
✔ rejects invalid score duration (3.644708ms)
✔ rejects no geometric rests (3.232167ms)
✔ rejects cumulative slow movement during rest (2.926542ms)
✔ rejects motion during declared rest (2.759209ms)
✔ rejects cells never reshape (6.278041ms)
✔ fixture clock rejects answer text that contradicts its committed tokens (15.133833ms)
✔ vertical transform parser accepts bounded elasticity and rejects horizontal or rotated transforms (1.979375ms)
✔ summarizer accepts valid static and transparent zero-width newborns (17.705625ms)
✔ summarizer accepts valid breathe and transparent zero-width newborns (11.01525ms)
✔ summarizer accepts valid reshape and transparent zero-width newborns (5.389166ms)
✔ summarizer rejects missing intro (0.420125ms)
✔ summarizer rejects intro never yielded (0.385167ms)
✔ summarizer rejects unsynchronized glimmer (3.558667ms)
✔ summarizer rejects blurred glimmer (1.836333ms)
✔ summarizer rejects stale material (0.264625ms)
✔ summarizer rejects row movement (2.931917ms)
✔ summarizer rejects right anchor movement (0.646917ms)
✔ summarizer rejects neighbor overlap (0.699666ms)
✔ summarizer rejects old clipped material (0.710333ms)
✔ summarizer rejects blurred bars (1.035792ms)
✔ summarizer rejects existing pill collapse (1.006542ms)
✔ summarizer rejects newborn overshoot (1.033959ms)
✔ summarizer rejects missing bubble fade (0.619125ms)
✔ summarizer rejects paused geometry animation moving (3.770458ms)
✔ summarizer rejects early answer (0.207584ms)
✔ summarizer rejects repeated answer (0.154834ms)
✔ summarizer rejects moving final glyph (1.481542ms)
✔ summarizer rejects independently scaled answer (0.503625ms)
✔ summarizer rejects wrong completion duration (0.491959ms)
✔ summarizer rejects wrong completion width (5.909959ms)
✔ summarizer rejects wrong completion animation (0.479583ms)
✔ summarizer rejects glowing completion cue (0.355167ms)
✔ summarizer rejects empty glyph evidence (1.67275ms)
✔ summarizer rejects missing availability clock (0.224833ms)
✔ summarizer rejects visibility before DOM arrival (0.156209ms)
✔ summarizer rejects wrong whole-answer settle duration (2.732708ms)
✔ summarizer rejects excessive initial answer travel (0.926167ms)
✔ summarizer rejects waiting envelope shrink (2.691666ms)
✔ summarizer rejects waiting envelope above cap (2.196417ms)
✔ summarizer rejects wrong waiting resize duration (0.309667ms)
✔ summarizer rejects wrong final fit duration (0.293291ms)
✔ summarizer rejects unreconciled final height (0.272625ms)
✔ archive refuses mismatched historical material and implementation fingerprint (0.157583ms)
✔ captured source oracle retains exact answers and separates source and inspection clocks (10.638375ms)
✔ finished transparent cue may await its DOM-removal callback without falsifying timing (1.670708ms)
✔ hidden full text may fit for 180ms while its ornament persists before one opaque arrival (2.421208ms)
✔ summarizer rejects visible partial fitting text (1.095167ms)
✔ summarizer rejects premature fitting outline (0.938833ms)
✔ summarizer rejects missing fitting activity (0.881292ms)
✔ summarizer rejects premature text settle (0.911416ms)
✔ valid answer keeps timing and geometry meanings separate (4.562375ms)
✔ valid sentence keeps timing and geometry meanings separate (5.902917ms)
✔ rejects final text mismatch (7.517083ms)
✔ rejects insufficient evidence (0.399459ms)
✔ rejects old material (1.5925ms)
✔ rejects wrong policy (1.404542ms)
✔ rejects legacy words (6.054ms)
✔ rejects source text leak (4.222375ms)
✔ rejects mutation source leak (5.529458ms)
✔ rejects released length mismatch (2.036583ms)
✔ rejects remounted passage (0.506958ms)
✔ rejects old passage reanimation (2.226375ms)
✔ rejects ink blur (3.326417ms)
✔ rejects large arrival motion (1.413667ms)
✔ rejects changed handover duration (6.569834ms)
✔ rejects transparent rested ink (10.75525ms)
✔ rejects cumulative old ink movement (1.363292ms)
✔ rejects incoherent geometry (2.073333ms)
✔ rejects captured after tail moved (0.459208ms)
✔ rejects visible original duplicates clone (0.441875ms)
✔ rejects original not borrowed (2.660708ms)
✔ rejects no actual clone (2.851625ms)
✔ rejects missing opacity blend (3.148375ms)
✔ rejects no transfer clock (3.360167ms)
✔ rejects residual final field (4.428625ms)
✔ rejects final animation persists (0.75125ms)
✔ rejects final height mismatch (2.49625ms)
✔ rejects final clipping (0.943667ms)
✔ rejects final words clipped (1.078833ms)
✔ rejects wrong row count (1.314209ms)
✔ rejects small pill field returns (1.188208ms)
✔ rejects blurred material (1.336917ms)
✔ rejects overlap (0.8365ms)
✔ rejects no final readiness (1.78ms)
✔ commitment oracle rejects contradictory final fixtures and validates recorded timing (2.5285ms)
✔ valid synthetic geometry passes while retaining separate timing meanings (6.81875ms)
✔ rejects changed answer (6.481292ms)
✔ rejects second answer insertion (4.965917ms)
✔ rejects missing readiness time (5.2835ms)
✔ rejects nonfinite opacity time (10.41625ms)
✔ rejects reversed opacity and first ink (26.432459ms)
✔ rejects too few frames (21.135333ms)
✔ rejects wrong material (20.254125ms)
✔ rejects premature text (10.029334ms)
✔ rejects source deadline exposure (47.417ms)
✔ rejects wrong source status (89.157916ms)
✔ rejects legacy renderer (42.812042ms)
✔ rejects policy DOM length mismatch (28.84025ms)
✔ rejects blurred readable ink (18.7175ms)
✔ rejects excessive text movement (6.430875ms)
✔ rejects visible text during fit (7.967083ms)
✔ rejects wrong handover duration (6.888459ms)
✔ rejects no actual opacity blend (8.566209ms)
✔ rejects no captured cells (5.440958ms)
✔ rejects zero-width transfer origin (11.48275ms)
✔ rejects stationary transfer overlay (2.583ms)
✔ rejects running final decoration (5.654041ms)
✔ rejects old glyph movement after rest (3.727958ms)
✔ rejects no measured final word bounds (2.981875ms)
✔ rejects final word outside the frame (18.303208ms)
✔ rejects final frame does not fit page (3.272584ms)
✔ rejects readable final frame still clips (4.750542ms)
✔ rejects waiting row remount (5.677459ms)
✔ rejects row budget overflow (4.87325ms)
✔ rejects waiting frame collapse (3.642792ms)
✔ rejects left edge movement (6.171791ms)
✔ rejects visible neighboring overlap (92.426375ms)
✔ rejects capsule loses solid material (43.399333ms)
✔ rejects glimmer drift (20.004375ms)
✔ rejects glimmer duration changes (5.48475ms)
✔ rejects missing joined introduction (20.270417ms)
✔ rejects activity clock frozen (3.154875ms)
✔ rejects cells never reshape (8.237917ms)
✔ fixture clock rejects answer text that contradicts its committed tokens (3.26025ms)
ℹ tests 166
ℹ suites 0
ℹ pass 166
ℹ fail 0
ℹ cancelled 0
ℹ skipped 0
ℹ todo 0
ℹ duration_ms 1290.966416
